// Jest Snapshot v1, https://goo.gl/fbAQLP

exports[`Pruebas en AppRouter debe de mostrar login si no esta autenticado 1`] = `
<div
  className="container mt-5 "
>
  <h1>
    LoginScreen
  </h1>
  <hr />
  <button
    className="btn btn-primary"
    onClick={[Function]}
  >
    Login
  </button>
</div>
`;
